#-----------------------------------------------------------
# Vivado v2016.4 (64-bit)
# SW Build 1733598 on Wed Dec 14 22:35:39 MST 2016
# IP Build 1731160 on Wed Dec 14 23:47:21 MST 2016
# Start of session at: Tue May 09 15:49:36 2017
# Process ID: 10056
# Current directory: C:/Users/Think/Desktop/17.5.9/frequency_meter
# Command line: vivado.exe -gui_launcher_event rodinguilauncherevent8544 C:\Users\Think\Desktop\17.5.9\frequency_meter\frequency_meter.xpr
# Log file: C:/Users/Think/Desktop/17.5.9/frequency_meter/vivado.log
# Journal file: C:/Users/Think/Desktop/17.5.9/frequency_meter\vivado.jou
#-----------------------------------------------------------
start_gui
open_project C:/Users/Think/Desktop/17.5.9/frequency_meter/frequency_meter.xpr
close [ open C:/Users/Think/Desktop/17.5.9/frequency_meter/frequency_meter.srcs/sources_1/new/frequencycalculate.v w ]
add_files C:/Users/Think/Desktop/17.5.9/frequency_meter/frequency_meter.srcs/sources_1/new/frequencycalculate.v
close [ open C:/Users/Think/Desktop/17.5.9/frequency_meter/frequency_meter.srcs/sources_1/new/digital.v w ]
add_files C:/Users/Think/Desktop/17.5.9/frequency_meter/frequency_meter.srcs/sources_1/new/digital.v
close [ open C:/Users/Think/Desktop/17.5.9/frequency_meter/frequency_meter.srcs/sources_1/new/main.v w ]
add_files C:/Users/Think/Desktop/17.5.9/frequency_meter/frequency_meter.srcs/sources_1/new/main.v
# Disabling source management mode.  This is to allow the top design properties to be set without GUI intervention.
set_property source_mgmt_mode None [current_project]
set_property top main [current_fileset]
# Re-enabling previously disabled source management mode.
set_property source_mgmt_mode All [current_project]
update_compile_order -fileset sim_1
open_project E:/文件/大二下/电子技术基础数字部分/作业/17.4.5/Clock/Clock.xpr
current_project frequency_meter
current_project Clock
close_project
reset_run synth_1
launch_runs impl_1 -to_step write_bitstream -jobs 4
wait_on_run impl_1
reset_run synth_1
launch_runs impl_1 -to_step write_bitstream -jobs 4
wait_on_run impl_1
reset_run synth_1
launch_runs impl_1 -to_step write_bitstream -jobs 4
wait_on_run impl_1
reset_run synth_1
launch_runs impl_1 -to_step write_bitstream -jobs 4
wait_on_run impl_1
open_hw
disconnect_hw_server localhost:3121
disconnect_hw_server localhost:3121
connect_hw_server -url localhost:3121
current_hw_target [get_hw_targets */xilinx_tcf/Xilinx/Port_#0002.Hub_#0002]
set_property PARAM.FREQUENCY 6000000 [get_hw_targets */xilinx_tcf/Xilinx/Port_#0002.Hub_#0002]
open_hw_target
set_property PROGRAM.FILE {C:/Users/Think/Desktop/17.5.9/frequency_meter/frequency_meter.runs/impl_1/main.bit} [lindex [get_hw_devices xc7a35t_0] 0]
current_hw_device [lindex [get_hw_devices xc7a35t_0] 0]
refresh_hw_device -update_hw_probes false [lindex [get_hw_devices xc7a35t_0] 0]
set_property PROBES.FILE {} [lindex [get_hw_devices xc7a35t_0] 0]
set_property PROGRAM.FILE {C:/Users/Think/Desktop/17.5.9/frequency_meter/frequency_meter.runs/impl_1/main.bit} [lindex [get_hw_devices xc7a35t_0] 0]
program_hw_devices [lindex [get_hw_devices xc7a35t_0] 0]
refresh_hw_device [lindex [get_hw_devices xc7a35t_0] 0]
reset_run synth_1
launch_runs impl_1 -to_step write_bitstream -jobs 4
wait_on_run impl_1
disconnect_hw_server localhost:3121
disconnect_hw_server localhost:3121
disconnect_hw_server localhost:3121
disconnect_hw_server localhost:3121
disconnect_hw_server localhost:3121
connect_hw_server -url localhost:3121
current_hw_target [get_hw_targets */xilinx_tcf/Xilinx/Port_#0002.Hub_#0002]
set_property PARAM.FREQUENCY 6000000 [get_hw_targets */xilinx_tcf/Xilinx/Port_#0002.Hub_#0002]
open_hw_target
set_property PROGRAM.FILE {C:/Users/Think/Desktop/17.5.9/frequency_meter/frequency_meter.runs/impl_1/main.bit} [lindex [get_hw_devices xc7a35t_0] 0]
current_hw_device [lindex [get_hw_devices xc7a35t_0] 0]
refresh_hw_device -update_hw_probes false [lindex [get_hw_devices xc7a35t_0] 0]
set_property PROBES.FILE {} [lindex [get_hw_devices xc7a35t_0] 0]
set_property PROGRAM.FILE {C:/Users/Think/Desktop/17.5.9/frequency_meter/frequency_meter.runs/impl_1/main.bit} [lindex [get_hw_devices xc7a35t_0] 0]
program_hw_devices [lindex [get_hw_devices xc7a35t_0] 0]
refresh_hw_device [lindex [get_hw_devices xc7a35t_0] 0]
